6 4
17,72,10,12,
42,1,45,59,
56,5,67,42,
74,6,0,17,
12,84,9,34,
13,2,3,2,
