4 6
51,131,101,84,45,21,
77,3,72,10,144,3,
84,68,82,74,14,3,
16,67,54,84,123,8,
